// Jest Snapshot v1, https://goo.gl/fbAQLP

exports[`displays the formatted altitude 1`] = `
<h2>
  5.60 meters / 18.37 feet
</h2>
`;
